|   | Method | Code | https://management.azure.com/subscriptions/00000000-0000-0000-0000-000000000000/                                                                                                        |
|---|--------|------|-----------------------------------------------------------------------------------------------------------------------------------------------------------------------------------------|
|   | PUT    | 201  | resourceGroups/asotest-rg-nnxzgr                                                                                                                                                        |
|   | GET    | 200  | resourceGroups/asotest-rg-nnxzgr                                                                                                                                                        |
|   | PUT    | 201  | resourceGroups/asotest-rg-nnxzgr/providers/Microsoft.ManagedIdentity/userAssignedIdentities/sampleuserassignedidentity                                                                  |
|   | PUT    | 201  | resourceGroups/asotest-rg-nnxzgr/providers/Microsoft.ApiManagement/service/asotestifbhwl                                                                                                |
|   | PUT    | 200  | resourceGroups/asotest-rg-nnxzgr/providers/Microsoft.ManagedIdentity/userAssignedIdentities/sampleuserassignedidentity                                                                  |
|   | GET    | 200  | resourceGroups/asotest-rg-nnxzgr/providers/Microsoft.ManagedIdentity/userAssignedIdentities/sampleuserassignedidentity                                                                  |
|   | GET    | 200  | resourceGroups/asotest-rg-nnxzgr/providers/Microsoft.ApiManagement/service/asotestifbhwl/operationresults/d2VzdGNlbnRyYWx1czphc290ZXN0aWZiaHdsX0FjdF9jOWQ3ZGE0YQ==                      |
|   | GET    | 200  | resourceGroups/asotest-rg-nnxzgr/providers/Microsoft.ApiManagement/service/asotestifbhwl/operationresults/d2VzdGNlbnRyYWx1czphc290ZXN0aWZiaHdsX0FjdF9jOWQ3ZGE0YQ==                      |
|   | GET    | 200  | resourceGroups/asotest-rg-nnxzgr/providers/Microsoft.ApiManagement/service/asotestifbhwl/operationresults/d2VzdGNlbnRyYWx1czphc290ZXN0aWZiaHdsX0FjdF9jOWQ3ZGE0YQ==                      |
|   | GET    | 200  | resourceGroups/asotest-rg-nnxzgr/providers/Microsoft.ApiManagement/service/asotestifbhwl/operationresults/d2VzdGNlbnRyYWx1czphc290ZXN0aWZiaHdsX0FjdF9jOWQ3ZGE0YQ==                      |
|   | GET    | 200  | resourceGroups/asotest-rg-nnxzgr/providers/Microsoft.ApiManagement/service/asotestifbhwl/operationresults/d2VzdGNlbnRyYWx1czphc290ZXN0aWZiaHdsX0FjdF9jOWQ3ZGE0YQ==                      |
|   | GET    | 200  | resourceGroups/asotest-rg-nnxzgr/providers/Microsoft.ApiManagement/service/asotestifbhwl/operationresults/d2VzdGNlbnRyYWx1czphc290ZXN0aWZiaHdsX0FjdF9jOWQ3ZGE0YQ==                      |
|   | GET    | 200  | resourceGroups/asotest-rg-nnxzgr/providers/Microsoft.ApiManagement/service/asotestifbhwl/operationresults/d2VzdGNlbnRyYWx1czphc290ZXN0aWZiaHdsX0FjdF9jOWQ3ZGE0YQ==                      |
|   | GET    | 200  | resourceGroups/asotest-rg-nnxzgr/providers/Microsoft.ApiManagement/service/asotestifbhwl/operationresults/d2VzdGNlbnRyYWx1czphc290ZXN0aWZiaHdsX0FjdF9jOWQ3ZGE0YQ==                      |
|   | GET    | 200  | resourceGroups/asotest-rg-nnxzgr/providers/Microsoft.ApiManagement/service/asotestifbhwl/operationresults/d2VzdGNlbnRyYWx1czphc290ZXN0aWZiaHdsX0FjdF9jOWQ3ZGE0YQ==                      |
|   | GET    | 200  | resourceGroups/asotest-rg-nnxzgr/providers/Microsoft.ApiManagement/service/asotestifbhwl/operationresults/d2VzdGNlbnRyYWx1czphc290ZXN0aWZiaHdsX0FjdF9jOWQ3ZGE0YQ==                      |
|   | GET    | 200  | resourceGroups/asotest-rg-nnxzgr/providers/Microsoft.ApiManagement/service/asotestifbhwl/operationresults/d2VzdGNlbnRyYWx1czphc290ZXN0aWZiaHdsX0FjdF9jOWQ3ZGE0YQ==                      |
|   | GET    | 200  | resourceGroups/asotest-rg-nnxzgr/providers/Microsoft.ApiManagement/service/asotestifbhwl/operationresults/d2VzdGNlbnRyYWx1czphc290ZXN0aWZiaHdsX0FjdF9jOWQ3ZGE0YQ==                      |
|   | GET    | 200  | resourceGroups/asotest-rg-nnxzgr/providers/Microsoft.ApiManagement/service/asotestifbhwl/operationresults/d2VzdGNlbnRyYWx1czphc290ZXN0aWZiaHdsX0FjdF9jOWQ3ZGE0YQ==                      |
|   | GET    | 200  | resourceGroups/asotest-rg-nnxzgr/providers/Microsoft.ApiManagement/service/asotestifbhwl/operationresults/d2VzdGNlbnRyYWx1czphc290ZXN0aWZiaHdsX0FjdF9jOWQ3ZGE0YQ==                      |
|   | GET    | 200  | resourceGroups/asotest-rg-nnxzgr/providers/Microsoft.ApiManagement/service/asotestifbhwl/operationresults/d2VzdGNlbnRyYWx1czphc290ZXN0aWZiaHdsX0FjdF9jOWQ3ZGE0YQ==                      |
|   | GET    | 200  | resourceGroups/asotest-rg-nnxzgr/providers/Microsoft.ApiManagement/service/asotestifbhwl/operationresults/d2VzdGNlbnRyYWx1czphc290ZXN0aWZiaHdsX0FjdF9jOWQ3ZGE0YQ==                      |
|   | GET    | 200  | resourceGroups/asotest-rg-nnxzgr/providers/Microsoft.ApiManagement/service/asotestifbhwl/operationresults/d2VzdGNlbnRyYWx1czphc290ZXN0aWZiaHdsX0FjdF9jOWQ3ZGE0YQ==                      |
|   | GET    | 200  | resourceGroups/asotest-rg-nnxzgr/providers/Microsoft.ApiManagement/service/asotestifbhwl/operationresults/d2VzdGNlbnRyYWx1czphc290ZXN0aWZiaHdsX0FjdF9jOWQ3ZGE0YQ==                      |
|   | GET    | 200  | resourceGroups/asotest-rg-nnxzgr/providers/Microsoft.ApiManagement/service/asotestifbhwl/operationresults/d2VzdGNlbnRyYWx1czphc290ZXN0aWZiaHdsX0FjdF9jOWQ3ZGE0YQ==                      |
|   | GET    | 200  | resourceGroups/asotest-rg-nnxzgr/providers/Microsoft.ApiManagement/service/asotestifbhwl/operationresults/d2VzdGNlbnRyYWx1czphc290ZXN0aWZiaHdsX0FjdF9jOWQ3ZGE0YQ==                      |
|   | GET    | 200  | resourceGroups/asotest-rg-nnxzgr/providers/Microsoft.ApiManagement/service/asotestifbhwl/operationresults/d2VzdGNlbnRyYWx1czphc290ZXN0aWZiaHdsX0FjdF9jOWQ3ZGE0YQ==                      |
|   | GET    | 200  | resourceGroups/asotest-rg-nnxzgr/providers/Microsoft.ApiManagement/service/asotestifbhwl/operationresults/d2VzdGNlbnRyYWx1czphc290ZXN0aWZiaHdsX0FjdF9jOWQ3ZGE0YQ==                      |
|   | GET    | 200  | resourceGroups/asotest-rg-nnxzgr/providers/Microsoft.ApiManagement/service/asotestifbhwl/operationresults/d2VzdGNlbnRyYWx1czphc290ZXN0aWZiaHdsX0FjdF9jOWQ3ZGE0YQ==                      |
|   | GET    | 200  | resourceGroups/asotest-rg-nnxzgr/providers/Microsoft.ApiManagement/service/asotestifbhwl/operationresults/d2VzdGNlbnRyYWx1czphc290ZXN0aWZiaHdsX0FjdF9jOWQ3ZGE0YQ==                      |
|   | GET    | 200  | resourceGroups/asotest-rg-nnxzgr/providers/Microsoft.ApiManagement/service/asotestifbhwl/operationresults/d2VzdGNlbnRyYWx1czphc290ZXN0aWZiaHdsX0FjdF9jOWQ3ZGE0YQ==                      |
|   | GET    | 200  | resourceGroups/asotest-rg-nnxzgr/providers/Microsoft.ApiManagement/service/asotestifbhwl/operationresults/d2VzdGNlbnRyYWx1czphc290ZXN0aWZiaHdsX0FjdF9jOWQ3ZGE0YQ==                      |
|   | GET    | 200  | resourceGroups/asotest-rg-nnxzgr/providers/Microsoft.ApiManagement/service/asotestifbhwl/operationresults/d2VzdGNlbnRyYWx1czphc290ZXN0aWZiaHdsX0FjdF9jOWQ3ZGE0YQ==                      |
|   | GET    | 200  | resourceGroups/asotest-rg-nnxzgr/providers/Microsoft.ApiManagement/service/asotestifbhwl/operationresults/d2VzdGNlbnRyYWx1czphc290ZXN0aWZiaHdsX0FjdF9jOWQ3ZGE0YQ==                      |
|   | GET    | 200  | resourceGroups/asotest-rg-nnxzgr/providers/Microsoft.ApiManagement/service/asotestifbhwl/operationresults/d2VzdGNlbnRyYWx1czphc290ZXN0aWZiaHdsX0FjdF9jOWQ3ZGE0YQ==                      |
|   | GET    | 200  | resourceGroups/asotest-rg-nnxzgr/providers/Microsoft.ApiManagement/service/asotestifbhwl/operationresults/d2VzdGNlbnRyYWx1czphc290ZXN0aWZiaHdsX0FjdF9jOWQ3ZGE0YQ==                      |
|   | GET    | 200  | resourceGroups/asotest-rg-nnxzgr/providers/Microsoft.ApiManagement/service/asotestifbhwl/operationresults/d2VzdGNlbnRyYWx1czphc290ZXN0aWZiaHdsX0FjdF9jOWQ3ZGE0YQ==                      |
|   | GET    | 200  | resourceGroups/asotest-rg-nnxzgr/providers/Microsoft.ApiManagement/service/asotestifbhwl/operationresults/d2VzdGNlbnRyYWx1czphc290ZXN0aWZiaHdsX0FjdF9jOWQ3ZGE0YQ==                      |
|   | GET    | 200  | resourceGroups/asotest-rg-nnxzgr/providers/Microsoft.ApiManagement/service/asotestifbhwl/operationresults/d2VzdGNlbnRyYWx1czphc290ZXN0aWZiaHdsX0FjdF9jOWQ3ZGE0YQ==                      |
|   | GET    | 200  | resourceGroups/asotest-rg-nnxzgr/providers/Microsoft.ApiManagement/service/asotestifbhwl/operationresults/d2VzdGNlbnRyYWx1czphc290ZXN0aWZiaHdsX0FjdF9jOWQ3ZGE0YQ==                      |
|   | GET    | 200  | resourceGroups/asotest-rg-nnxzgr/providers/Microsoft.ApiManagement/service/asotestifbhwl/operationresults/d2VzdGNlbnRyYWx1czphc290ZXN0aWZiaHdsX0FjdF9jOWQ3ZGE0YQ==                      |
|   | GET    | 200  | resourceGroups/asotest-rg-nnxzgr/providers/Microsoft.ApiManagement/service/asotestifbhwl/operationresults/d2VzdGNlbnRyYWx1czphc290ZXN0aWZiaHdsX0FjdF9jOWQ3ZGE0YQ==                      |
|   | GET    | 200  | resourceGroups/asotest-rg-nnxzgr/providers/Microsoft.ApiManagement/service/asotestifbhwl/operationresults/d2VzdGNlbnRyYWx1czphc290ZXN0aWZiaHdsX0FjdF9jOWQ3ZGE0YQ==                      |
|   | GET    | 200  | resourceGroups/asotest-rg-nnxzgr/providers/Microsoft.ApiManagement/service/asotestifbhwl/operationresults/d2VzdGNlbnRyYWx1czphc290ZXN0aWZiaHdsX0FjdF9jOWQ3ZGE0YQ==                      |
|   | GET    | 200  | resourceGroups/asotest-rg-nnxzgr/providers/Microsoft.ApiManagement/service/asotestifbhwl/operationresults/d2VzdGNlbnRyYWx1czphc290ZXN0aWZiaHdsX0FjdF9jOWQ3ZGE0YQ==                      |
|   | GET    | 200  | resourceGroups/asotest-rg-nnxzgr/providers/Microsoft.ApiManagement/service/asotestifbhwl/operationresults/d2VzdGNlbnRyYWx1czphc290ZXN0aWZiaHdsX0FjdF9jOWQ3ZGE0YQ==                      |
|   | GET    | 200  | resourceGroups/asotest-rg-nnxzgr/providers/Microsoft.ApiManagement/service/asotestifbhwl/operationresults/d2VzdGNlbnRyYWx1czphc290ZXN0aWZiaHdsX0FjdF9jOWQ3ZGE0YQ==                      |
|   | GET    | 200  | resourceGroups/asotest-rg-nnxzgr/providers/Microsoft.ApiManagement/service/asotestifbhwl/operationresults/d2VzdGNlbnRyYWx1czphc290ZXN0aWZiaHdsX0FjdF9jOWQ3ZGE0YQ==                      |
|   | GET    | 200  | resourceGroups/asotest-rg-nnxzgr/providers/Microsoft.ApiManagement/service/asotestifbhwl/operationresults/d2VzdGNlbnRyYWx1czphc290ZXN0aWZiaHdsX0FjdF9jOWQ3ZGE0YQ==                      |
|   | GET    | 200  | resourceGroups/asotest-rg-nnxzgr/providers/Microsoft.ApiManagement/service/asotestifbhwl/operationresults/d2VzdGNlbnRyYWx1czphc290ZXN0aWZiaHdsX0FjdF9jOWQ3ZGE0YQ==                      |
|   | GET    | 200  | resourceGroups/asotest-rg-nnxzgr/providers/Microsoft.ApiManagement/service/asotestifbhwl/operationresults/d2VzdGNlbnRyYWx1czphc290ZXN0aWZiaHdsX0FjdF9jOWQ3ZGE0YQ==                      |
|   | GET    | 200  | resourceGroups/asotest-rg-nnxzgr/providers/Microsoft.ApiManagement/service/asotestifbhwl/operationresults/d2VzdGNlbnRyYWx1czphc290ZXN0aWZiaHdsX0FjdF9jOWQ3ZGE0YQ==                      |
|   | GET    | 200  | resourceGroups/asotest-rg-nnxzgr/providers/Microsoft.ApiManagement/service/asotestifbhwl/operationresults/d2VzdGNlbnRyYWx1czphc290ZXN0aWZiaHdsX0FjdF9jOWQ3ZGE0YQ==                      |
|   | GET    | 200  | resourceGroups/asotest-rg-nnxzgr/providers/Microsoft.ApiManagement/service/asotestifbhwl/operationresults/d2VzdGNlbnRyYWx1czphc290ZXN0aWZiaHdsX0FjdF9jOWQ3ZGE0YQ==                      |
|   | GET    | 200  | resourceGroups/asotest-rg-nnxzgr/providers/Microsoft.ApiManagement/service/asotestifbhwl/operationresults/d2VzdGNlbnRyYWx1czphc290ZXN0aWZiaHdsX0FjdF9jOWQ3ZGE0YQ==                      |
|   | GET    | 200  | resourceGroups/asotest-rg-nnxzgr/providers/Microsoft.ApiManagement/service/asotestifbhwl/operationresults/d2VzdGNlbnRyYWx1czphc290ZXN0aWZiaHdsX0FjdF9jOWQ3ZGE0YQ==                      |
|   | GET    | 200  | resourceGroups/asotest-rg-nnxzgr/providers/Microsoft.ApiManagement/service/asotestifbhwl/operationresults/d2VzdGNlbnRyYWx1czphc290ZXN0aWZiaHdsX0FjdF9jOWQ3ZGE0YQ==                      |
|   | GET    | 200  | resourceGroups/asotest-rg-nnxzgr/providers/Microsoft.ApiManagement/service/asotestifbhwl/operationresults/d2VzdGNlbnRyYWx1czphc290ZXN0aWZiaHdsX0FjdF9jOWQ3ZGE0YQ==                      |
|   | GET    | 200  | resourceGroups/asotest-rg-nnxzgr/providers/Microsoft.ApiManagement/service/asotestifbhwl/operationresults/d2VzdGNlbnRyYWx1czphc290ZXN0aWZiaHdsX0FjdF9jOWQ3ZGE0YQ==                      |
|   | GET    | 200  | resourceGroups/asotest-rg-nnxzgr/providers/Microsoft.ApiManagement/service/asotestifbhwl/operationresults/d2VzdGNlbnRyYWx1czphc290ZXN0aWZiaHdsX0FjdF9jOWQ3ZGE0YQ==                      |
|   | GET    | 200  | resourceGroups/asotest-rg-nnxzgr/providers/Microsoft.ApiManagement/service/asotestifbhwl                                                                                                |
|   | GET    | 200  | resourceGroups/asotest-rg-nnxzgr/providers/Microsoft.ApiManagement/service/asotestifbhwl                                                                                                |
|   | PUT    | 202  | resourceGroups/asotest-rg-nnxzgr/providers/Microsoft.ApiManagement/service/asotestifbhwl/namedValues/asotestaachpc                                                                      |
|   | PUT    | 200  | resourceGroups/asotest-rg-nnxzgr/providers/Microsoft.ApiManagement/service/asotestifbhwl/authorizationProviders/asotestcbcchw                                                           |
|   | PUT    | 202  | resourceGroups/asotest-rg-nnxzgr/providers/Microsoft.ApiManagement/service/asotestifbhwl/policyFragments/asotestaerndr                                                                  |
|   | PUT    | 201  | resourceGroups/asotest-rg-nnxzgr/providers/Microsoft.ApiManagement/service/asotestifbhwl/backends/asotestdhimtd                                                                         |
|   | PUT    | 200  | resourceGroups/asotest-rg-nnxzgr/providers/Microsoft.ApiManagement/service/asotestifbhwl/policies/policy                                                                                |
|   | GET    | 200  | resourceGroups/asotest-rg-nnxzgr/providers/Microsoft.ApiManagement/service/asotestifbhwl/authorizationProviders/asotestcbcchw                                                           |
|   | GET    | 200  | resourceGroups/asotest-rg-nnxzgr/providers/Microsoft.ApiManagement/service/asotestifbhwl/policies/policy                                                                                |
|   | GET    | 201  | resourceGroups/asotest-rg-nnxzgr/providers/Microsoft.ApiManagement/service/asotestifbhwl/namedValues/asotestaachpc                                                                      |
|   | GET    | 201  | resourceGroups/asotest-rg-nnxzgr/providers/Microsoft.ApiManagement/service/asotestifbhwl/policyFragments/asotestaerndr                                                                  |
|   | GET    | 200  | resourceGroups/asotest-rg-nnxzgr/providers/Microsoft.ApiManagement/service/asotestifbhwl/backends/asotestdhimtd                                                                         |
|   | GET    | 200  | resourceGroups/asotest-rg-nnxzgr/providers/Microsoft.ApiManagement/service/asotestifbhwl/namedValues/asotestaachpc                                                                      |
|   | GET    | 200  | resourceGroups/asotest-rg-nnxzgr/providers/Microsoft.ApiManagement/service/asotestifbhwl/backends/asotestdhimtd                                                                         |
|   | GET    | 200  | resourceGroups/asotest-rg-nnxzgr/providers/Microsoft.ApiManagement/service/asotestifbhwl/policyFragments/asotestaerndr                                                                  |
|   | PUT    | 200  | resourceGroups/asotest-rg-nnxzgr/providers/Microsoft.ApiManagement/service/asotestifbhwl/authorizationProviders/asotestcbcchw/authorizations/asotestbhkvks                              |
|   | GET    | 200  | resourceGroups/asotest-rg-nnxzgr/providers/Microsoft.ApiManagement/service/asotestifbhwl/authorizationProviders/asotestcbcchw/authorizations/asotestbhkvks                              |
|   | PUT    | 200  | resourceGroups/asotest-rg-nnxzgr/providers/Microsoft.ApiManagement/service/asotestifbhwl/authorizationProviders/asotestcbcchw/authorizations/asotestbhkvks/accessPolicies/asotestrupsri |
|   | GET    | 200  | resourceGroups/asotest-rg-nnxzgr/providers/Microsoft.ApiManagement/service/asotestifbhwl/authorizationProviders/asotestcbcchw/authorizations/asotestbhkvks/accessPolicies/asotestrupsri |
|   | DELETE | 202  | resourceGroups/asotest-rg-nnxzgr                                                                                                                                                        |
|   | GET    | 202  | operationresults/eyJqb2JJZCI6IlJFU09VUkNFR1JPVVBERUxFVElPTkpPQi1BU09URVNUOjJEUkc6MkROTlhaR1ItV0VTVFVTMiIsImpvYkxvY2F0aW9uIjoid2VzdHVzMiJ9                                               |
| X | GET    | 202  | operationresults/eyJqb2JJZCI6IlJFU09VUkNFR1JPVVBERUxFVElPTkpPQi1BU09URVNUOjJEUkc6MkROTlhaR1ItV0VTVFVTMiIsImpvYkxvY2F0aW9uIjoid2VzdHVzMiJ9                                               |
| X | GET    | 202  | operationresults/eyJqb2JJZCI6IlJFU09VUkNFR1JPVVBERUxFVElPTkpPQi1BU09URVNUOjJEUkc6MkROTlhaR1ItV0VTVFVTMiIsImpvYkxvY2F0aW9uIjoid2VzdHVzMiJ9                                               |
| X | GET    | 202  | operationresults/eyJqb2JJZCI6IlJFU09VUkNFR1JPVVBERUxFVElPTkpPQi1BU09URVNUOjJEUkc6MkROTlhaR1ItV0VTVFVTMiIsImpvYkxvY2F0aW9uIjoid2VzdHVzMiJ9                                               |
| X | GET    | 202  | operationresults/eyJqb2JJZCI6IlJFU09VUkNFR1JPVVBERUxFVElPTkpPQi1BU09URVNUOjJEUkc6MkROTlhaR1ItV0VTVFVTMiIsImpvYkxvY2F0aW9uIjoid2VzdHVzMiJ9                                               |
| X | GET    | 202  | operationresults/eyJqb2JJZCI6IlJFU09VUkNFR1JPVVBERUxFVElPTkpPQi1BU09URVNUOjJEUkc6MkROTlhaR1ItV0VTVFVTMiIsImpvYkxvY2F0aW9uIjoid2VzdHVzMiJ9                                               |
| X | GET    | 202  | operationresults/eyJqb2JJZCI6IlJFU09VUkNFR1JPVVBERUxFVElPTkpPQi1BU09URVNUOjJEUkc6MkROTlhaR1ItV0VTVFVTMiIsImpvYkxvY2F0aW9uIjoid2VzdHVzMiJ9                                               |
| X | GET    | 202  | operationresults/eyJqb2JJZCI6IlJFU09VUkNFR1JPVVBERUxFVElPTkpPQi1BU09URVNUOjJEUkc6MkROTlhaR1ItV0VTVFVTMiIsImpvYkxvY2F0aW9uIjoid2VzdHVzMiJ9                                               |
| X | GET    | 202  | operationresults/eyJqb2JJZCI6IlJFU09VUkNFR1JPVVBERUxFVElPTkpPQi1BU09URVNUOjJEUkc6MkROTlhaR1ItV0VTVFVTMiIsImpvYkxvY2F0aW9uIjoid2VzdHVzMiJ9                                               |
| X | GET    | 202  | operationresults/eyJqb2JJZCI6IlJFU09VUkNFR1JPVVBERUxFVElPTkpPQi1BU09URVNUOjJEUkc6MkROTlhaR1ItV0VTVFVTMiIsImpvYkxvY2F0aW9uIjoid2VzdHVzMiJ9                                               |
| X | GET    | 202  | operationresults/eyJqb2JJZCI6IlJFU09VUkNFR1JPVVBERUxFVElPTkpPQi1BU09URVNUOjJEUkc6MkROTlhaR1ItV0VTVFVTMiIsImpvYkxvY2F0aW9uIjoid2VzdHVzMiJ9                                               |
| X | GET    | 202  | operationresults/eyJqb2JJZCI6IlJFU09VUkNFR1JPVVBERUxFVElPTkpPQi1BU09URVNUOjJEUkc6MkROTlhaR1ItV0VTVFVTMiIsImpvYkxvY2F0aW9uIjoid2VzdHVzMiJ9                                               |
| X | GET    | 202  | operationresults/eyJqb2JJZCI6IlJFU09VUkNFR1JPVVBERUxFVElPTkpPQi1BU09URVNUOjJEUkc6MkROTlhaR1ItV0VTVFVTMiIsImpvYkxvY2F0aW9uIjoid2VzdHVzMiJ9                                               |
|   | GET    | 202  | operationresults/eyJqb2JJZCI6IlJFU09VUkNFR1JPVVBERUxFVElPTkpPQi1BU09URVNUOjJEUkc6MkROTlhaR1ItV0VTVFVTMiIsImpvYkxvY2F0aW9uIjoid2VzdHVzMiJ9                                               |
|   | GET    | 200  | operationresults/eyJqb2JJZCI6IlJFU09VUkNFR1JPVVBERUxFVElPTkpPQi1BU09URVNUOjJEUkc6MkROTlhaR1ItV0VTVFVTMiIsImpvYkxvY2F0aW9uIjoid2VzdHVzMiJ9                                               |
|   | DELETE | 404  | resourceGroups/asotest-rg-nnxzgr/providers/Microsoft.ApiManagement/service/asotestifbhwl                                                                                                |
|   | DELETE | 404  | resourceGroups/asotest-rg-nnxzgr/providers/Microsoft.ManagedIdentity/userAssignedIdentities/sampleuserassignedidentity                                                                  |
|   | DELETE | 404  | resourceGroups/asotest-rg-nnxzgr/providers/Microsoft.ApiManagement/service/asotestifbhwl/backends/asotestdhimtd                                                                         |
|   | DELETE | 404  | resourceGroups/asotest-rg-nnxzgr/providers/Microsoft.ApiManagement/service/asotestifbhwl/policies/policy                                                                                |
|   | DELETE | 404  | resourceGroups/asotest-rg-nnxzgr/providers/Microsoft.ApiManagement/service/asotestifbhwl/policyFragments/asotestaerndr                                                                  |
|   | DELETE | 404  | resourceGroups/asotest-rg-nnxzgr/providers/Microsoft.ApiManagement/service/asotestifbhwl/authorizationProviders/asotestcbcchw                                                           |
|   | DELETE | 404  | resourceGroups/asotest-rg-nnxzgr/providers/Microsoft.ApiManagement/service/asotestifbhwl/namedValues/asotestaachpc                                                                      |
|   | DELETE | 404  | resourceGroups/asotest-rg-nnxzgr/providers/Microsoft.ApiManagement/service/asotestifbhwl/authorizationProviders/asotestcbcchw/authorizations/asotestbhkvks                              |
|   | DELETE | 404  | resourceGroups/asotest-rg-nnxzgr/providers/Microsoft.ApiManagement/service/asotestifbhwl/authorizationProviders/asotestcbcchw/authorizations/asotestbhkvks/accessPolicies/asotestrupsri |
