 PUT 201 https://management.azure.com/subscriptions/00000000-0000-0000-0000-000000000000/resourceGroups/asotest-rg-flygms
 GET 200 https://management.azure.com/subscriptions/00000000-0000-0000-0000-000000000000/resourceGroups/asotest-rg-flygms
 PUT 201 https://management.azure.com/subscriptions/00000000-0000-0000-0000-000000000000/resourceGroups/asotest-rg-flygms/providers/Microsoft.EventHub/namespaces/asotest-namespace-zuxzhe
 GET 200 https://management.azure.com/subscriptions/00000000-0000-0000-0000-000000000000/resourceGroups/asotest-rg-flygms/providers/Microsoft.EventHub/namespaces/asotest-namespace-zuxzhe
 GET 200 https://management.azure.com/subscriptions/00000000-0000-0000-0000-000000000000/resourceGroups/asotest-rg-flygms/providers/Microsoft.EventHub/namespaces/asotest-namespace-zuxzhe
 GET 200 https://management.azure.com/subscriptions/00000000-0000-0000-0000-000000000000/resourceGroups/asotest-rg-flygms/providers/Microsoft.EventHub/namespaces/asotest-namespace-zuxzhe
 GET 200 https://management.azure.com/subscriptions/00000000-0000-0000-0000-000000000000/resourceGroups/asotest-rg-flygms/providers/Microsoft.EventHub/namespaces/asotest-namespace-zuxzhe
 GET 200 https://management.azure.com/subscriptions/00000000-0000-0000-0000-000000000000/resourceGroups/asotest-rg-flygms/providers/Microsoft.EventHub/namespaces/asotest-namespace-zuxzhe
 PUT 200 https://management.azure.com/subscriptions/00000000-0000-0000-0000-000000000000/resourceGroups/asotest-rg-flygms/providers/Microsoft.EventHub/namespaces/asotest-namespace-zuxzhe
 GET 200 https://management.azure.com/subscriptions/00000000-0000-0000-0000-000000000000/resourceGroups/asotest-rg-flygms/providers/Microsoft.EventHub/namespaces/asotest-namespace-zuxzhe
 GET 200 https://management.azure.com/subscriptions/00000000-0000-0000-0000-000000000000/resourceGroups/asotest-rg-flygms/providers/Microsoft.EventHub/namespaces/asotest-namespace-zuxzhe
 GET 200 https://management.azure.com/subscriptions/00000000-0000-0000-0000-000000000000/resourceGroups/asotest-rg-flygms/providers/Microsoft.EventHub/namespaces/asotest-namespace-zuxzhe
 GET 200 https://management.azure.com/subscriptions/00000000-0000-0000-0000-000000000000/resourceGroups/asotest-rg-flygms/providers/Microsoft.EventHub/namespaces/asotest-namespace-zuxzhe
 PUT 200 https://management.azure.com/subscriptions/00000000-0000-0000-0000-000000000000/resourceGroups/asotest-rg-flygms/providers/Microsoft.EventHub/namespaces/asotest-namespace-zuxzhe
 GET 200 https://management.azure.com/subscriptions/00000000-0000-0000-0000-000000000000/resourceGroups/asotest-rg-flygms/providers/Microsoft.EventHub/namespaces/asotest-namespace-zuxzhe
 POST 200 https://management.azure.com/subscriptions/00000000-0000-0000-0000-000000000000/resourceGroups/asotest-rg-flygms/providers/Microsoft.EventHub/namespaces/asotest-namespace-zuxzhe/authorizationRules/RootManageSharedAccessKey/listKeys
 PUT 200 https://management.azure.com/subscriptions/00000000-0000-0000-0000-000000000000/resourceGroups/asotest-rg-flygms/providers/Microsoft.EventHub/namespaces/asotest-namespace-zuxzhe/eventhubs/asotest-eventhub-buqdvc
 GET 200 https://management.azure.com/subscriptions/00000000-0000-0000-0000-000000000000/resourceGroups/asotest-rg-flygms/providers/Microsoft.EventHub/namespaces/asotest-namespace-zuxzhe/eventhubs/asotest-eventhub-buqdvc
 PUT 200 https://management.azure.com/subscriptions/00000000-0000-0000-0000-000000000000/resourceGroups/asotest-rg-flygms/providers/Microsoft.EventHub/namespaces/asotest-namespace-zuxzhe/authorizationRules/asotest-eventhub-cooxhh
 GET 200 https://management.azure.com/subscriptions/00000000-0000-0000-0000-000000000000/resourceGroups/asotest-rg-flygms/providers/Microsoft.EventHub/namespaces/asotest-namespace-zuxzhe/authorizationRules/asotest-eventhub-cooxhh
 PUT 200 https://management.azure.com/subscriptions/00000000-0000-0000-0000-000000000000/resourceGroups/asotest-rg-flygms/providers/Microsoft.EventHub/namespaces/asotest-namespace-zuxzhe/authorizationRules/asotest-eventhub-cooxhh
 GET 200 https://management.azure.com/subscriptions/00000000-0000-0000-0000-000000000000/resourceGroups/asotest-rg-flygms/providers/Microsoft.EventHub/namespaces/asotest-namespace-zuxzhe/authorizationRules/asotest-eventhub-cooxhh
 POST 200 https://management.azure.com/subscriptions/00000000-0000-0000-0000-000000000000/resourceGroups/asotest-rg-flygms/providers/Microsoft.EventHub/namespaces/asotest-namespace-zuxzhe/authorizationRules/asotest-eventhub-cooxhh/listKeys
 DELETE 200 https://management.azure.com/subscriptions/00000000-0000-0000-0000-000000000000/resourceGroups/asotest-rg-flygms/providers/Microsoft.EventHub/namespaces/asotest-namespace-zuxzhe/authorizationRules/asotest-eventhub-cooxhh
 PUT 200 https://management.azure.com/subscriptions/00000000-0000-0000-0000-000000000000/resourceGroups/asotest-rg-flygms/providers/Microsoft.EventHub/namespaces/asotest-namespace-zuxzhe/eventhubs/asotest-eventhub-buqdvc/consumergroups/asotest-eventhub-tbninf
 PUT 200 https://management.azure.com/subscriptions/00000000-0000-0000-0000-000000000000/resourceGroups/asotest-rg-flygms/providers/Microsoft.EventHub/namespaces/asotest-namespace-zuxzhe/eventhubs/asotest-eventhub-buqdvc/authorizationRules/asotest-eventhub-vekpux
 GET 200 https://management.azure.com/subscriptions/00000000-0000-0000-0000-000000000000/resourceGroups/asotest-rg-flygms/providers/Microsoft.EventHub/namespaces/asotest-namespace-zuxzhe/eventhubs/asotest-eventhub-buqdvc/consumergroups/asotest-eventhub-tbninf
 GET 200 https://management.azure.com/subscriptions/00000000-0000-0000-0000-000000000000/resourceGroups/asotest-rg-flygms/providers/Microsoft.EventHub/namespaces/asotest-namespace-zuxzhe/eventhubs/asotest-eventhub-buqdvc/authorizationRules/asotest-eventhub-vekpux
 DELETE 200 https://management.azure.com/subscriptions/00000000-0000-0000-0000-000000000000/resourceGroups/asotest-rg-flygms/providers/Microsoft.EventHub/namespaces/asotest-namespace-zuxzhe/eventhubs/asotest-eventhub-buqdvc/consumergroups/asotest-eventhub-tbninf
 PUT 200 https://management.azure.com/subscriptions/00000000-0000-0000-0000-000000000000/resourceGroups/asotest-rg-flygms/providers/Microsoft.EventHub/namespaces/asotest-namespace-zuxzhe/eventhubs/asotest-eventhub-buqdvc/authorizationRules/asotest-eventhub-vekpux
 GET 200 https://management.azure.com/subscriptions/00000000-0000-0000-0000-000000000000/resourceGroups/asotest-rg-flygms/providers/Microsoft.EventHub/namespaces/asotest-namespace-zuxzhe/eventhubs/asotest-eventhub-buqdvc/authorizationRules/asotest-eventhub-vekpux
 POST 200 https://management.azure.com/subscriptions/00000000-0000-0000-0000-000000000000/resourceGroups/asotest-rg-flygms/providers/Microsoft.EventHub/namespaces/asotest-namespace-zuxzhe/eventhubs/asotest-eventhub-buqdvc/authorizationRules/asotest-eventhub-vekpux/listKeys
 DELETE 200 https://management.azure.com/subscriptions/00000000-0000-0000-0000-000000000000/resourceGroups/asotest-rg-flygms/providers/Microsoft.EventHub/namespaces/asotest-namespace-zuxzhe/eventhubs/asotest-eventhub-buqdvc/authorizationRules/asotest-eventhub-vekpux
 PUT 200 https://management.azure.com/subscriptions/00000000-0000-0000-0000-000000000000/resourceGroups/asotest-rg-flygms/providers/Microsoft.EventHub/namespaces/asotest-namespace-zuxzhe/eventhubs/asotest-eventhub-buqdvc
 GET 200 https://management.azure.com/subscriptions/00000000-0000-0000-0000-000000000000/resourceGroups/asotest-rg-flygms/providers/Microsoft.EventHub/namespaces/asotest-namespace-zuxzhe/eventhubs/asotest-eventhub-buqdvc
 DELETE 200 https://management.azure.com/subscriptions/00000000-0000-0000-0000-000000000000/resourceGroups/asotest-rg-flygms/providers/Microsoft.EventHub/namespaces/asotest-namespace-zuxzhe/eventhubs/asotest-eventhub-buqdvc
 DELETE 202 https://management.azure.com/subscriptions/00000000-0000-0000-0000-000000000000/resourceGroups/asotest-rg-flygms/providers/Microsoft.EventHub/namespaces/asotest-namespace-zuxzhe
 GET 200 https://management.azure.com/subscriptions/00000000-0000-0000-0000-000000000000/providers/Microsoft.EventHub/locations/westus2/namespaceOperationResults/d2bb5200-d067-437c-b0c7-a1fd8cc92bbe
 GET 200 https://management.azure.com/subscriptions/00000000-0000-0000-0000-000000000000/providers/Microsoft.EventHub/locations/westus2/namespaceOperationResults/d2bb5200-d067-437c-b0c7-a1fd8cc92bbe
 GET 404 https://management.azure.com/subscriptions/00000000-0000-0000-0000-000000000000/resourceGroups/asotest-rg-flygms/providers/Microsoft.EventHub/namespaces/asotest-namespace-zuxzhe
 DELETE 202 https://management.azure.com/subscriptions/00000000-0000-0000-0000-000000000000/resourceGroups/asotest-rg-flygms
 GET 200 https://management.azure.com/subscriptions/00000000-0000-0000-0000-000000000000/operationresults/eyJqb2JJZCI6IlJFU09VUkNFR1JPVVBERUxFVElPTkpPQi1BU09URVNUOjJEUkc6MkRGTFlHTVMtV0VTVFVTMiIsImpvYkxvY2F0aW9uIjoid2VzdHVzMiJ9